{"level":"info","msg":"preflight 1.4.0","playbook":"kiosk-provision.yml","preflight_version":"1.4.0","run_id":"golden-run","schema_version":"1.0","seq":1,"ts":"<timestamp>","type":"version"}
{"dry_run":false,"level":"info","mode":"apply","msg":"1 target","run_id":"golden-run","seq":2,"target_count":1,"targets":["kiosk-01"],"ts":"<timestamp>","type":"run_start"}
{"level":"info","msg":"connecting","run_id":"golden-run","seq":3,"target":"kiosk-01","transport":"local","ts":"<timestamp>","type":"target_start"}
{"action_ref":"apps/drivers","level":"info","module":"command","msg":"install display drivers","name":"install display drivers","run_id":"golden-run","seq":4,"target":"kiosk-01","task_id":"install-drivers","ts":"<timestamp>","type":"task_started"}
{"action_ref":"apps/drivers","elapsed_ms":14500,"error":"DISM.exe failed: 0x800f0954","exit_code":1,"level":"error","msg":"install display drivers failed","output":["source files could not be downloaded","check network connectivity"],"run_id":"golden-run","seq":5,"target":"kiosk-01","task_id":"install-drivers","ts":"<timestamp>","type":"task_failed"}
{"level":"error","msg":"DISM.exe failed: 0x800f0954","run_id":"golden-run","seq":6,"source":"command","summary":"DISM.exe failed: 0x800f0954","target":"kiosk-01","task_id":"install-drivers","ts":"<timestamp>","type":"diagnostic"}
{"counts":{"changed":0,"failed":1,"ok":0,"skipped":0},"elapsed_ms":47000,"level":"info","msg":"failed","outcome":"failed","run_id":"golden-run","seq":7,"target":"kiosk-01","ts":"<timestamp>","type":"target_complete"}
{"counts":{"changed":0,"failed":0,"ok":0,"skipped":0},"elapsed_ms":47000,"level":"info","msg":"failed","run_id":"golden-run","seq":8,"status":"failed","tallies":{"ok":0,"failed":1,"unreachable":0},"ts":"<timestamp>","type":"run_summary"}
