Apply
playbook: kiosk-provision.yml → kiosk-01 (local)
playbook: kiosk-provision

- configure autologin started
    Setting HKLM\\SOFTWARE\\Microsoft\\Windows NT\\CurrentVersion\\Winlogon\\
    AutoAdminLogon
~ configure autologin                                                       0.0s

Recap
✓ Apply complete
  tasks: 0 ok, 1 changed, 0 skipped, 0 failed
