Apply
playbook: gallery rollout

  [lobby-pc-01] ✓ Preflight check
  [lobby-pc-01] ~ Install runtime
  [lobby-pc-01] x Smoke test
  ERROR: timeout
  output:
    Ping kiosk app
    Timed out waiting for response
  target stopped: remaining tasks were not run
Recap
  x  Apply failed  <elapsed>
  target: lobby-pc-01
  tasks: 1 ok, 1 changed, 0 skipped, 1 failed

Needs attention
  [lobby-pc-01] Smoke test
