Apply
playbook: app-deploy.yml
name: app-deploy
targets: 2
────────────────────────────────────────────────────────────────────────────────

Targets:
  app-01 (winrm • [IP_ADDRESS])
  app-02 (ssh • [IP_ADDRESS])
  x [app-01] install .NET runtime  15s
  ERROR: DISM failure: 0x800f0954
  output:
    DISM.exe /Online /Add-Capability
    Error: source files not found
  target stopped: remaining tasks were not run
