[run-start]
Apply
playbook: deploy.yml
name: deploy
targets: 2
────────────────────────────────────────────────────────────────────────────────

[target-start-b]
Targets:
  host-a (ssh • [IP_ADDRESS])
  host-b (winrm • [IP_ADDRESS])
[task-ok]
  ✓ [host-a] sync artifacts  0.8s
[task-skipped]
  - [host-b] sync artifacts
  reason: when-condition-false
