◫ Action Info
──────────────────────────────────────────
  Ref          preflight/autologin
  Name         autologin
  Description  Configure kiosk autologin
  Version      1.2.0
  Author       Bluecadet

  Inputs
  NAME      TYPE    REQUIRED  DEFAULT     DESCRIPTION
  ────────  ──────  ────────  ──────────  ────────────────────────
  username  string  required  —           Account used for sign-in
  password  string  optional  (prompted)  Password for the account

  Tasks
  1. Enable autologin
  2. Restart shell
