◫ State Diff
──────────────────────────────────────────
  Playbook      lobby
  Target        lobby-pc-01
  State file    state/targets/lobby-pc-01.json
  Last applied  2026-04-09 12:00:00 UTC

  STATUS       TASK                 MODULE     RECORDED
  ───────────  ───────────────────  ─────────  ────────
  ✓ unchanged  Preflight check      shell      ok
  ◆ changed    Create content root  directory  changed
