[?25l[?<elapsed>
  ◫ State Snapshot
────────────────────────────────────────────────────────────────────────────
  State file    state.json
  Last applied  2026-04-09 17:00:00 UTC

  STATUS      TASK  MODULE  RECORDED
  ──────────  ────  ──────  ────────
  • recorded  echo  shell   ok


[2K
[?2004l[?<elapsed>[?1002l[?1003l[?1006l
