[?25l[?<elapsed>
╭────────────────────────╮
│   ☰ Execution Plan │
│ ──────────────────────── │
│   Target    localhost │
│   Playbook  test │
│ │
│   #  MODULE  TASK  DETAILS │
│   ─  ──────  ────  ─────── │
│   1  shell   echo │
╰────────────────────────╯


[2K
[?2004l[?<elapsed>[?1002l[?1003l[?1006l
